// Jest Snapshot v1, https://goo.gl/fbAQLP

exports[`plugin Should build simple plugin 1`] = `
"definePlugin('@plugins/demo', function () { 'use strict';

	console.log(\\"Hello Demo!\\");

});
//# sourceMappingURL=index.js.map
"
`;

exports[`runtime html 1`] = `""`;

exports[`runtime html 2`] = `"<script src=\\"plugins/demo/index.js\\"></script>"`;
